#
# There is insufficient memory for the Java Runtime Environment to continue.
# Native memory allocation (mmap) failed to map 96468992 bytes. Error detail: G1 virtual space
# Possible reasons:
#   The system is out of physical RAM or swap space
#   This process is running with CompressedOops enabled, and the Java Heap may be blocking the growth of the native heap
# Possible solutions:
#   Reduce memory load on the system
#   Increase physical memory or swap space
#   Check if swap backing store is full
#   Decrease Java heap size (-Xmx/-Xms)
#   Decrease number of Java threads
#   Decrease Java thread stack sizes (-Xss)
#   Set larger code cache with -XX:ReservedCodeCacheSize=
#   JVM is running with Unscaled Compressed Oops mode in which the Java heap is
#     placed in the first 4GB address space. The Java Heap base address is the
#     maximum limit for the native heap growth. Please use -XX:HeapBaseMinAddress
#     to set the Java Heap base and to place the Java Heap above 4GB virtual address.
# This output file may be truncated or incomplete.
#
#  Out of Memory Error (os_windows.cpp:3703), pid=8228, tid=19476
#
# JRE version:  (23.0+37) (build )
# Java VM: Java HotSpot(TM) 64-Bit Server VM (23+37-2369, mixed mode, sharing, tiered, compressed oops, compressed class ptrs, g1 gc, windows-amd64)
# No core dump will be written. Minidumps are not enabled by default on client versions of Windows
#

---------------  S U M M A R Y ------------

Command Line: -Dfile.encoding=UTF-8 --module-path=C:\Users\princ\OneDrive\Documents\NetBeansProjects\BAMS\BankManagementSystem\build\classes dashboard_transactions.BankAppGUI

Host: AMD Ryzen 3 7320U with Radeon Graphics         , 8 cores, 5G,  Windows 11 , 64 bit Build 26100 (10.0.26100.8328)
Time: Wed May 20 17:18:28 2026 Malay Peninsula Standard Time elapsed time: 2.036103 seconds (0d 0h 0m 2s)

---------------  T H R E A D  ---------------

Current thread (0x000001ea514ce810):  JavaThread "Unknown thread" [_thread_in_vm, id=19476, stack(0x000000e345900000,0x000000e345a00000) (1024K)]

Stack: [0x000000e345900000,0x000000e345a00000]
Native frames: (J=compiled Java code, j=interpreted, Vv=VM code, C=native code)
V  [jvm.dll+0x6e08a9]  (no source info available)
V  [jvm.dll+0x87da63]  (no source info available)
V  [jvm.dll+0x87feee]  (no source info available)
V  [jvm.dll+0x8805c3]  (no source info available)
V  [jvm.dll+0x27aee6]  (no source info available)
V  [jvm.dll+0x6dd1b5]  (no source info available)
V  [jvm.dll+0x6d103a]  (no source info available)
V  [jvm.dll+0x35b3ea]  (no source info available)
V  [jvm.dll+0x3637f6]  (no source info available)
V  [jvm.dll+0x34fd5e]  (no source info available)
V  [jvm.dll+0x34fff8]  (no source info available)
V  [jvm.dll+0x3289cc]  (no source info available)
V  [jvm.dll+0x32966e]  (no source info available)
V  [jvm.dll+0x8442e5]  (no source info available)
V  [jvm.dll+0x3b9848]  (no source info available)
V  [jvm.dll+0x82d0dc]  (no source info available)
V  [jvm.dll+0x454d4e]  (no source info available)
V  [jvm.dll+0x456bd1]  (no source info available)
C  [jli.dll+0x52a3]  (no source info available)
C  [ucrtbase.dll+0x37b0]  (no source info available)
C  [KERNEL32.DLL+0x2e957]  (no source info available)
C  [ntdll.dll+0x427c]  (no source info available)

Lock stack of current Java thread (top to bottom):


---------------  P R O C E S S  ---------------

Threads class SMR info:
_java_thread_list=0x00007fff7f9d3618, length=0, elements={
}

Java Threads: ( => current thread )
Total: 0

Other Threads:
  0x000001ea538ed940 WorkerThread "GC Thread#0"                     [id=19568, stack(0x000000e345a00000,0x000000e345b00000) (1024K)]
  0x000001ea538fdf50 ConcurrentGCThread "G1 Main Marker"            [id=12820, stack(0x000000e345b00000,0x000000e345c00000) (1024K)]
  0x000001ea53900a50 WorkerThread "G1 Conc#0"                       [id=3308, stack(0x000000e345c00000,0x000000e345d00000) (1024K)]

[error occurred during error reporting (printing all threads), id 0xc0000005, EXCEPTION_ACCESS_VIOLATION (0xc0000005) at pc=0x00007fff7f11bfba]
VM state: not at safepoint (not fully initialized)

VM Mutex/Monitor currently owned by a thread:  ([mutex/lock_event])
[0x00007fff7fa53a10] Heap_lock - owner thread: 0x000001ea514ce810

Heap address: 0x00000000a4200000, size: 1470 MB, Compressed Oops mode: 32-bit

CDS archive(s) mapped at: [0x0000000000000000-0x0000000000000000-0x0000000000000000), size 0, SharedBaseAddress: 0x0000000800000000, ArchiveRelocationMode: 1.
Narrow klass base: 0x0000000000000000, Narrow klass shift: 0, Narrow klass range: 0x0

GC Precious Log:
 CardTable entry size: 512
 Card Set container configuration: InlinePtr #cards 5 size 8 Array Of Cards #cards 10 size 36 Howl #buckets 4 coarsen threshold 1843 Howl Bitmap #cards 512 size 80 coarsen threshold 460 Card regions per heap region 1 cards per card region 2048

Heap:
 garbage-first heap   total reserved 1505280K, committed 0K, used 0K [0x00000000a4200000, 0x0000000100000000)
  region size 1024K, 0 young (0K), 0 survivors (0K)

[error occurred during error reporting (printing heap information), id 0xc0000005, EXCEPTION_ACCESS_VIOLATION (0xc0000005) at pc=0x00007fff7f51c3b9]
GC Heap History (0 events):
No events

Dll operation events (1 events):
Event: 0.011 Loaded shared library C:\Program Files\Java\jdk-23\bin\java.dll

Deoptimization events (0 events):
No events

Classes loaded (0 events):
No events

Classes unloaded (0 events):
No events

Classes redefined (0 events):
No events

Internal exceptions (0 events):
No events

VM Operations (0 events):
No events

Memory protections (0 events):
No events

Nmethod flushes (0 events):
No events

Events (0 events):
No events


Dynamic libraries:
0x00007ff6360d0000 - 0x00007ff6360e0000 	C:\Program Files\Java\jdk-23\bin\java.exe
0x00007ffff1fa0000 - 0x00007ffff2207000 	C:\WINDOWS\SYSTEM32\ntdll.dll
0x00007ffff10b0000 - 0x00007ffff1179000 	C:\WINDOWS\System32\KERNEL32.DLL
0x00007fffef7f0000 - 0x00007fffefbe7000 	C:\WINDOWS\System32\KERNELBASE.dll
0x00007fffef490000 - 0x00007fffef5db000 	C:\WINDOWS\System32\ucrtbase.dll
0x00007fffe74a0000 - 0x00007fffe74bb000 	C:\Program Files\Java\jdk-23\bin\VCRUNTIME140.dll
0x00007fffd8140000 - 0x00007fffd8157000 	C:\Program Files\Java\jdk-23\bin\jli.dll
0x00007ffff0dd0000 - 0x00007ffff0f96000 	C:\WINDOWS\System32\USER32.dll
0x00007fffcf900000 - 0x00007fffcfb92000 	C:\WINDOWS\WinSxS\amd64_microsoft.windows.common-controls_6595b64144ccf1df_6.0.26100.8457_none_3e0b2faee331e92d\COMCTL32.dll
0x00007fffef3b0000 - 0x00007fffef3d7000 	C:\WINDOWS\System32\win32u.dll
0x00007ffff1180000 - 0x00007ffff1229000 	C:\WINDOWS\System32\msvcrt.dll
0x00007ffff1290000 - 0x00007ffff12bb000 	C:\WINDOWS\System32\GDI32.dll
0x00007fffefbf0000 - 0x00007fffefd1c000 	C:\WINDOWS\System32\gdi32full.dll
0x00007fffef300000 - 0x00007fffef3a3000 	C:\WINDOWS\System32\msvcp_win.dll
0x00007fffeffe0000 - 0x00007ffff0012000 	C:\WINDOWS\System32\IMM32.DLL
0x00007fffd3800000 - 0x00007fffd38f2000 	C:\Program Files\Windhawk\Engine\1.6.1\64\windhawk.dll
0x00007ffff0bf0000 - 0x00007ffff0ca6000 	C:\WINDOWS\System32\ADVAPI32.dll
0x00007ffff0910000 - 0x00007ffff09b7000 	C:\WINDOWS\System32\sechost.dll
0x00007ffff0cb0000 - 0x00007ffff0dc8000 	C:\WINDOWS\System32\RPCRT4.dll
0x00007fffd5830000 - 0x00007fffd5859000 	C:\ProgramData\Windhawk\Engine\Mods\64\slick-window-arrangement_1.0.2_950253.dll
0x00007fffd2cb0000 - 0x00007fffd2cea000 	C:\ProgramData\Windhawk\Engine\Mods\64\libunwind.whl
0x00007fffd2cf0000 - 0x00007fffd2e99000 	C:\ProgramData\Windhawk\Engine\Mods\64\libc++.whl
0x00007fffec150000 - 0x00007fffec17f000 	C:\WINDOWS\SYSTEM32\dwmapi.dll
0x00007ffff19b0000 - 0x00007ffff1d33000 	C:\WINDOWS\System32\combase.dll
0x00007ffff12c0000 - 0x00007ffff13b6000 	C:\WINDOWS\System32\shcore.dll
0x00007fffd2c90000 - 0x00007fffd2cad000 	C:\ProgramData\Windhawk\Engine\Mods\64\modernize-folder-picker-dialog_1.0.0_111092.dll
0x00007ffff1db0000 - 0x00007ffff1f47000 	C:\WINDOWS\System32\ole32.dll
0x00007ffff0170000 - 0x00007ffff08de000 	C:\WINDOWS\System32\SHELL32.dll
0x00007fffe70c0000 - 0x00007fffe70cc000 	C:\Program Files\Java\jdk-23\bin\vcruntime140_1.dll
0x00007fffa8bf0000 - 0x00007fffa8c7e000 	C:\Program Files\Java\jdk-23\bin\msvcp140.dll
0x00007fff7ede0000 - 0x00007fff7fb2f000 	C:\Program Files\Java\jdk-23\bin\server\jvm.dll
0x00007ffff0020000 - 0x00007ffff00a0000 	C:\WINDOWS\System32\WS2_32.dll
0x00007fffee830000 - 0x00007fffee88e000 	C:\WINDOWS\SYSTEM32\POWRPROF.dll
0x00007fffe2970000 - 0x00007fffe29a6000 	C:\WINDOWS\SYSTEM32\WINMM.dll
0x00007fffe63f0000 - 0x00007fffe63fb000 	C:\WINDOWS\SYSTEM32\VERSION.dll
0x00007fffee810000 - 0x00007fffee824000 	C:\WINDOWS\SYSTEM32\UMPDC.dll
0x00007fffed760000 - 0x00007fffed77b000 	C:\WINDOWS\SYSTEM32\kernel.appcore.dll
0x00007fffe6f70000 - 0x00007fffe6f7a000 	C:\Program Files\Java\jdk-23\bin\jimage.dll
0x00007fffecba0000 - 0x00007fffecde2000 	C:\WINDOWS\SYSTEM32\DBGHELP.DLL
0x00007fffefd20000 - 0x00007fffefdf9000 	C:\WINDOWS\System32\OLEAUT32.dll
0x00007fffc4370000 - 0x00007fffc43ab000 	C:\WINDOWS\SYSTEM32\dbgcore.DLL
0x00007fffef3e0000 - 0x00007fffef488000 	C:\WINDOWS\System32\bcryptPrimitives.dll
0x00007fffe6a30000 - 0x00007fffe6a4e000 	C:\Program Files\Java\jdk-23\bin\java.dll

dbghelp: loaded successfully - version: 4.0.5 - missing functions: none
symbol engine: initialized successfully - sym options: 0x614 - pdb path: .;C:\Program Files\Java\jdk-23\bin;C:\WINDOWS\SYSTEM32;C:\WINDOWS\WinSxS\amd64_microsoft.windows.common-controls_6595b64144ccf1df_6.0.26100.8457_none_3e0b2faee331e92d;C:\Program Files\Windhawk\Engine\1.6.1\64;C:\ProgramData\Windhawk\Engine\Mods\64;C:\Program Files\Java\jdk-23\bin\server

VM Arguments:
jvm_args: -Dfile.encoding=UTF-8 --module-path=C:\Users\princ\OneDrive\Documents\NetBeansProjects\BAMS\BankManagementSystem\build\classes 
java_command: dashboard_transactions.BankAppGUI
java_class_path (initial): C:\Users\princ\OneDrive\Documents\NetBeansProjects\BAMS\BankManagementSystem\build\classes
Launcher Type: SUN_STANDARD

[Global flags]
     intx CICompilerCount                          = 4                                         {product} {ergonomic}
     uint ConcGCThreads                            = 2                                         {product} {ergonomic}
     uint G1ConcRefinementThreads                  = 8                                         {product} {ergonomic}
   size_t G1HeapRegionSize                         = 1048576                                   {product} {ergonomic}
   size_t InitialHeapSize                          = 96468992                                  {product} {ergonomic}
   size_t MarkStackSize                            = 4194304                                   {product} {ergonomic}
   size_t MarkStackSizeMax                         = 536870912                                 {product} {ergonomic}
   size_t MaxHeapSize                              = 1541406720                                {product} {ergonomic}
   size_t MinHeapDeltaBytes                        = 1048576                                   {product} {ergonomic}
   size_t MinHeapSize                              = 8388608                                   {product} {ergonomic}
    uintx NonNMethodCodeHeapSize                   = 5832704                                {pd product} {ergonomic}
    uintx NonProfiledCodeHeapSize                  = 122945536                              {pd product} {ergonomic}
    uintx ProfiledCodeHeapSize                     = 122880000                              {pd product} {ergonomic}
    uintx ReservedCodeCacheSize                    = 251658240                              {pd product} {ergonomic}
     bool SegmentedCodeCache                       = true                                      {product} {ergonomic}
   size_t SoftMaxHeapSize                          = 1541406720                             {manageable} {ergonomic}
     bool UseCompressedOops                        = true                           {product lp64_product} {ergonomic}
     bool UseG1GC                                  = true                                      {product} {ergonomic}
     bool UseLargePagesIndividualAllocation        = false                                  {pd product} {ergonomic}

Logging:
Log output configuration:
 #0: stdout all=warning uptime,level,tags foldmultilines=false
 #1: stderr all=off uptime,level,tags foldmultilines=false

Environment Variables:
PATH=C:\ProgramData\Oracle\Java\javapath;C:\Program Files\Common Files\Oracle\Java\javapath;C:\WINDOWS\system32;C:\WINDOWS;C:\WINDOWS\System32\Wbem;C:\WINDOWS\System32\WindowsPowerShell\v1.0\;C:\WINDOWS\System32\OpenSSH\;C:\Program Files\Git\cmd;C:\Program Files\dotnet\;C:\Program Files (x86)\Microsoft SQL Server\170\Tools\Binn\;C:\Program Files\Microsoft SQL Server\170\Tools\Binn\;C:\Program Files\Microsoft SQL Server\Client SDK\ODBC\180\Tools\Binn\;C:\Program Files\Microsoft SQL Server\170\DTS\Binn\;C:\Users\princ\AppData\Local\Microsoft\WindowsApps;C:\Users\princ\AppData\Local\Programs\Microsoft VS Code\bin;C:\msys64\ucrt64\bin;C:\Users\princ\AppData\Local\GitHubDesktop\bin;C:\ProgramData\princ\GitHubDesktop\bin;C:\Users\princ\.dotnet\tools
USERNAME=princ
OS=Windows_NT
PROCESSOR_IDENTIFIER=AMD64 Family 23 Model 160 Stepping 0, AuthenticAMD
TMP=C:\Users\princ\AppData\Local\Temp
TEMP=C:\Users\princ\AppData\Local\Temp




Periodic native trim disabled

---------------  S Y S T E M  ---------------

OS:
 Windows 11 , 64 bit Build 26100 (10.0.26100.8328)
OS uptime: 5 days 1:48 hours
Hyper-V role detected

CPU: total 8 (initial active 8) (8 cores per cpu, 2 threads per core) family 23 model 160 stepping 0 microcode 0x8a0000b, cx8, cmov, fxsr, ht, mmx, 3dnowpref, sse, sse2, sse3, ssse3, sse4a, sse4.1, sse4.2, popcnt, lzcnt, tsc, tscinvbit, avx, avx2, aes, clmul, bmi1, bmi2, adx, sha, fma, vzeroupper, clflush, clflushopt, hv, rdtscp, rdpid, f16c
Processor Information for the first 8 processors :
  Max Mhz: 2401, Current Mhz: 2401, Mhz Limit: 2401

Memory: 4k page, system-wide physical 5877M (389M free)
TotalPageFile size 24309M (AvailPageFile size 61M)
current process WorkingSet (physical memory assigned to process): 15M, peak: 15M
current process commit charge ("private bytes"): 61M, peak: 153M

vm_info: Java HotSpot(TM) 64-Bit Server VM (23+37-2369) for windows-amd64 JRE (23+37-2369), built on 2024-08-20T16:01:23Z with MS VC++ 17.6 (VS2022)

END.
